[
  {
    "uuid": "",
    "quantity": 25,
    "producer": "Dyson sphere projet"
  },
  {
    "uuid": "",
    "quantity": 1000.18,
    "producer": "Antimatter Corp"
  }
]

